
> vite_react_shadcn_ts@0.0.0 build
> vite build

[36mvite v5.4.19 [32mbuilding for production...[36m[39m
transforming...
node.exe : Browserslist: browsers data (caniuse-lite) is 11 months old. Please run:
No linha:1 caractere:1
+ & "C:\Program Files\nodejs/node.exe" "C:\Program Files\nodejs/node_mo ...
+ ~~~~~~~~~~~~~~~~~~~~~~~~~~~~~~~~~~~~~~~~~~~~~~~~~~~~~~~~~~~~~~~~~~~~~
    + CategoryInfo          : NotSpecified: (Browserslist: b...ld. Please run::String) [], RemoteException
    + FullyQualifiedErrorId : NativeCommandError
 
  npx update-browserslist-db@latest
  Why you should do it regularly: https://github.com/browserslist/update-db#readme
[32mÔ£ô[39m 4014 modules transformed.
rendering chunks...
[1m[33m[plugin:vite:reporter][39m[22m [33m[plugin vite:reporter] 
(!) C:/Users/DIEGO BALBINO/Desktop/Pasta Compartilhada/DOCUMENTOS 
EMPRESA/08_TECNOLOGIA_SISTEMAS/express-connect-hub/src/lib/supabase.ts is dynamically imported by C:/Users/DIEGO 
BALBINO/Desktop/Pasta Compartilhada/DOCUMENTOS 
EMPRESA/08_TECNOLOGIA_SISTEMAS/express-connect-hub/src/components/configuracoes/CentralIntegracoes.tsx, C:/Users/DIEGO 
BALBINO/Desktop/Pasta Compartilhada/DOCUMENTOS 
EMPRESA/08_TECNOLOGIA_SISTEMAS/express-connect-hub/src/components/configuracoes/CentralIntegracoes.tsx, C:/Users/DIEGO 
BALBINO/Desktop/Pasta Compartilhada/DOCUMENTOS 
EMPRESA/08_TECNOLOGIA_SISTEMAS/express-connect-hub/src/components/configuracoes/CentralIntegracoes.tsx, C:/Users/DIEGO 
BALBINO/Desktop/Pasta Compartilhada/DOCUMENTOS 
EMPRESA/08_TECNOLOGIA_SISTEMAS/express-connect-hub/src/lib/testes/testeTMSCompleto.ts, C:/Users/DIEGO 
BALBINO/Desktop/Pasta Compartilhada/DOCUMENTOS 
EMPRESA/08_TECNOLOGIA_SISTEMAS/express-connect-hub/src/pages/DevTesteTMS.tsx, C:/Users/DIEGO BALBINO/Desktop/Pasta 
Compartilhada/DOCUMENTOS EMPRESA/08_TECNOLOGIA_SISTEMAS/express-connect-hub/src/services/comercial/propostaService.ts, 
C:/Users/DIEGO BALBINO/Desktop/Pasta Compartilhada/DOCUMENTOS 
EMPRESA/08_TECNOLOGIA_SISTEMAS/express-connect-hub/src/services/integracoes/iaService.ts, C:/Users/DIEGO 
BALBINO/Desktop/Pasta Compartilhada/DOCUMENTOS 
EMPRESA/08_TECNOLOGIA_SISTEMAS/express-connect-hub/src/services/integracoes/integrationLogger.ts, C:/Users/DIEGO 
BALBINO/Desktop/Pasta Compartilhada/DOCUMENTOS 
EMPRESA/08_TECNOLOGIA_SISTEMAS/express-connect-hub/src/services/integracoes/integrationLogger.ts but also statically 
imported by C:/Users/DIEGO BALBINO/Desktop/Pasta Compartilhada/DOCUMENTOS 
EMPRESA/08_TECNOLOGIA_SISTEMAS/express-connect-hub/src/components/auxiliares/GenericCrud.tsx, C:/Users/DIEGO 
BALBINO/Desktop/Pasta Compartilhada/DOCUMENTOS 
EMPRESA/08_TECNOLOGIA_SISTEMAS/express-connect-hub/src/components/clientes/ClienteDetalhe.tsx, C:/Users/DIEGO 
BALBINO/Desktop/Pasta Compartilhada/DOCUMENTOS 
EMPRESA/08_TECNOLOGIA_SISTEMAS/express-connect-hub/src/components/clientes/ClientesLista.tsx, C:/Users/DIEGO 
BALBINO/Desktop/Pasta Compartilhada/DOCUMENTOS 
EMPRESA/08_TECNOLOGIA_SISTEMAS/express-connect-hub/src/components/comercial/OrcamentoForm.tsx, C:/Users/DIEGO 
BALBINO/Desktop/Pasta Compartilhada/DOCUMENTOS 
EMPRESA/08_TECNOLOGIA_SISTEMAS/express-connect-hub/src/components/comercial/OrcamentosLista.tsx, C:/Users/DIEGO 
BALBINO/Desktop/Pasta Compartilhada/DOCUMENTOS 
EMPRESA/08_TECNOLOGIA_SISTEMAS/express-connect-hub/src/components/comercial/TabelasValoresLista.tsx, C:/Users/DIEGO 
BALBINO/Desktop/Pasta Compartilhada/DOCUMENTOS 
EMPRESA/08_TECNOLOGIA_SISTEMAS/express-connect-hub/src/components/comercial/crm/CrmBase.tsx, C:/Users/DIEGO 
BALBINO/Desktop/Pasta Compartilhada/DOCUMENTOS 
EMPRESA/08_TECNOLOGIA_SISTEMAS/express-connect-hub/src/components/comercial/crm/LeadsLista.tsx, C:/Users/DIEGO 
BALBINO/Desktop/Pasta Compartilhada/DOCUMENTOS 
EMPRESA/08_TECNOLOGIA_SISTEMAS/express-connect-hub/src/components/comercial/marketing/MarketingMain.tsx, 
C:/Users/DIEGO BALBINO/Desktop/Pasta Compartilhada/DOCUMENTOS 
EMPRESA/08_TECNOLOGIA_SISTEMAS/express-connect-hub/src/components/dashboard/TabComercial.tsx, C:/Users/DIEGO 
BALBINO/Desktop/Pasta Compartilhada/DOCUMENTOS 
EMPRESA/08_TECNOLOGIA_SISTEMAS/express-connect-hub/src/components/dashboard/TabExecutivo.tsx, C:/Users/DIEGO 
BALBINO/Desktop/Pasta Compartilhada/DOCUMENTOS 
EMPRESA/08_TECNOLOGIA_SISTEMAS/express-connect-hub/src/components/dashboard/TabFinanceiro.tsx, C:/Users/DIEGO 
BALBINO/Desktop/Pasta Compartilhada/DOCUMENTOS 
EMPRESA/08_TECNOLOGIA_SISTEMAS/express-connect-hub/src/components/dashboard/TabOperacional.tsx, C:/Users/DIEGO 
BALBINO/Desktop/Pasta Compartilhada/DOCUMENTOS 
EMPRESA/08_TECNOLOGIA_SISTEMAS/express-connect-hub/src/components/documentos/AnaliseLote.tsx, C:/Users/DIEGO 
BALBINO/Desktop/Pasta Compartilhada/DOCUMENTOS 
EMPRESA/08_TECNOLOGIA_SISTEMAS/express-connect-hub/src/components/documentos/StatusDocumental.tsx, C:/Users/DIEGO 
BALBINO/Desktop/Pasta Compartilhada/DOCUMENTOS 
EMPRESA/08_TECNOLOGIA_SISTEMAS/express-connect-hub/src/components/financeiro/ContasPagar.tsx, C:/Users/DIEGO 
BALBINO/Desktop/Pasta Compartilhada/DOCUMENTOS 
EMPRESA/08_TECNOLOGIA_SISTEMAS/express-connect-hub/src/components/financeiro/ContasReceberEnterprise.tsx, 
C:/Users/DIEGO BALBINO/Desktop/Pasta Compartilhada/DOCUMENTOS 
EMPRESA/08_TECNOLOGIA_SISTEMAS/express-connect-hub/src/components/financeiro/DREGerencial.tsx, C:/Users/DIEGO 
BALBINO/Desktop/Pasta Compartilhada/DOCUMENTOS 
EMPRESA/08_TECNOLOGIA_SISTEMAS/express-connect-hub/src/components/financeiro/DashboardFinanceiroEnterprise.tsx, 
C:/Users/DIEGO BALBINO/Desktop/Pasta Compartilhada/DOCUMENTOS 
EMPRESA/08_TECNOLOGIA_SISTEMAS/express-connect-hub/src/components/financeiro/FluxoCaixaEnterprise.tsx, C:/Users/DIEGO 
BALBINO/Desktop/Pasta Compartilhada/DOCUMENTOS 
EMPRESA/08_TECNOLOGIA_SISTEMAS/express-connect-hub/src/components/financeiro/MargemPorOS.tsx, C:/Users/DIEGO 
BALBINO/Desktop/Pasta Compartilhada/DOCUMENTOS 
EMPRESA/08_TECNOLOGIA_SISTEMAS/express-connect-hub/src/components/financeiro/PagamentoPrestadores.tsx, C:/Users/DIEGO 
BALBINO/Desktop/Pasta Compartilhada/DOCUMENTOS 
EMPRESA/08_TECNOLOGIA_SISTEMAS/express-connect-hub/src/components/financeiro/SegurosFinanceiro.tsx, C:/Users/DIEGO 
BALBINO/Desktop/Pasta Compartilhada/DOCUMENTOS EMPRESA/08_TECNOLOGIA_SISTEMAS/express-connect-hub/src/components/financ
eiro/relatorios/RelatorioFaturamentoCliente.tsx, C:/Users/DIEGO BALBINO/Desktop/Pasta Compartilhada/DOCUMENTOS EMPRESA/
08_TECNOLOGIA_SISTEMAS/express-connect-hub/src/components/financeiro/relatorios/RelatorioPagamentoPrestador.tsx, 
C:/Users/DIEGO BALBINO/Desktop/Pasta Compartilhada/DOCUMENTOS 
EMPRESA/08_TECNOLOGIA_SISTEMAS/express-connect-hub/src/components/operacao/EscalaLista.tsx, C:/Users/DIEGO 
BALBINO/Desktop/Pasta Compartilhada/DOCUMENTOS 
EMPRESA/08_TECNOLOGIA_SISTEMAS/express-connect-hub/src/components/operacao/OrdemServicoForm.tsx, C:/Users/DIEGO 
BALBINO/Desktop/Pasta Compartilhada/DOCUMENTOS 
EMPRESA/08_TECNOLOGIA_SISTEMAS/express-connect-hub/src/components/operacao/OrdemServicoPreview.tsx, C:/Users/DIEGO 
BALBINO/Desktop/Pasta Compartilhada/DOCUMENTOS 
EMPRESA/08_TECNOLOGIA_SISTEMAS/express-connect-hub/src/components/operacao/OrdensServicoLista.tsx, C:/Users/DIEGO 
BALBINO/Desktop/Pasta Compartilhada/DOCUMENTOS 
EMPRESA/08_TECNOLOGIA_SISTEMAS/express-connect-hub/src/components/prestadores/ContratoPrestadorModal.tsx, 
C:/Users/DIEGO BALBINO/Desktop/Pasta Compartilhada/DOCUMENTOS 
EMPRESA/08_TECNOLOGIA_SISTEMAS/express-connect-hub/src/components/prestadores/PrestadorDetalhe.tsx, C:/Users/DIEGO 
BALBINO/Desktop/Pasta Compartilhada/DOCUMENTOS 
EMPRESA/08_TECNOLOGIA_SISTEMAS/express-connect-hub/src/components/prestadores/PrestadoresLista.tsx, C:/Users/DIEGO 
BALBINO/Desktop/Pasta Compartilhada/DOCUMENTOS 
EMPRESA/08_TECNOLOGIA_SISTEMAS/express-connect-hub/src/components/recrutamento/BancoTalentos.tsx, C:/Users/DIEGO 
BALBINO/Desktop/Pasta Compartilhada/DOCUMENTOS 
EMPRESA/08_TECNOLOGIA_SISTEMAS/express-connect-hub/src/components/relatorios/RelatoriosEnterprise.tsx, C:/Users/DIEGO 
BALBINO/Desktop/Pasta Compartilhada/DOCUMENTOS 
EMPRESA/08_TECNOLOGIA_SISTEMAS/express-connect-hub/src/components/ui/SearchableSelect.tsx, C:/Users/DIEGO 
BALBINO/Desktop/Pasta Compartilhada/DOCUMENTOS 
EMPRESA/08_TECNOLOGIA_SISTEMAS/express-connect-hub/src/components/veiculos/VeiculoDetalhe.tsx, C:/Users/DIEGO 
BALBINO/Desktop/Pasta Compartilhada/DOCUMENTOS 
EMPRESA/08_TECNOLOGIA_SISTEMAS/express-connect-hub/src/components/veiculos/VeiculosLista.tsx, C:/Users/DIEGO 
BALBINO/Desktop/Pasta Compartilhada/DOCUMENTOS 
EMPRESA/08_TECNOLOGIA_SISTEMAS/express-connect-hub/src/lib/testes/testeDocumentos.ts, C:/Users/DIEGO 
BALBINO/Desktop/Pasta Compartilhada/DOCUMENTOS 
EMPRESA/08_TECNOLOGIA_SISTEMAS/express-connect-hub/src/lib/testes/testeTMSCompleto.ts, C:/Users/DIEGO 
BALBINO/Desktop/Pasta Compartilhada/DOCUMENTOS 
EMPRESA/08_TECNOLOGIA_SISTEMAS/express-connect-hub/src/pages/AppPrestador.tsx, C:/Users/DIEGO BALBINO/Desktop/Pasta 
Compartilhada/DOCUMENTOS EMPRESA/08_TECNOLOGIA_SISTEMAS/express-connect-hub/src/pages/Biblioteca.tsx, C:/Users/DIEGO 
BALBINO/Desktop/Pasta Compartilhada/DOCUMENTOS 
EMPRESA/08_TECNOLOGIA_SISTEMAS/express-connect-hub/src/pages/CadastroPrestador.tsx, C:/Users/DIEGO 
BALBINO/Desktop/Pasta Compartilhada/DOCUMENTOS 
EMPRESA/08_TECNOLOGIA_SISTEMAS/express-connect-hub/src/pages/Fiscal.tsx, C:/Users/DIEGO BALBINO/Desktop/Pasta 
Compartilhada/DOCUMENTOS EMPRESA/08_TECNOLOGIA_SISTEMAS/express-connect-hub/src/pages/MensagensWhatsApp.tsx, 
C:/Users/DIEGO BALBINO/Desktop/Pasta Compartilhada/DOCUMENTOS 
EMPRESA/08_TECNOLOGIA_SISTEMAS/express-connect-hub/src/pages/MonitorIntegracoes.tsx, C:/Users/DIEGO 
BALBINO/Desktop/Pasta Compartilhada/DOCUMENTOS 
EMPRESA/08_TECNOLOGIA_SISTEMAS/express-connect-hub/src/pages/PortalCliente.tsx, C:/Users/DIEGO BALBINO/Desktop/Pasta 
Compartilhada/DOCUMENTOS EMPRESA/08_TECNOLOGIA_SISTEMAS/express-connect-hub/src/pages/TesteInteligencia.tsx, 
C:/Users/DIEGO BALBINO/Desktop/Pasta Compartilhada/DOCUMENTOS 
EMPRESA/08_TECNOLOGIA_SISTEMAS/express-connect-hub/src/pages/TorreControle.tsx, C:/Users/DIEGO BALBINO/Desktop/Pasta 
Compartilhada/DOCUMENTOS EMPRESA/08_TECNOLOGIA_SISTEMAS/express-connect-hub/src/services/combustiveis.ts, 
C:/Users/DIEGO BALBINO/Desktop/Pasta Compartilhada/DOCUMENTOS 
EMPRESA/08_TECNOLOGIA_SISTEMAS/express-connect-hub/src/services/comunicacaoLote.ts, C:/Users/DIEGO 
BALBINO/Desktop/Pasta Compartilhada/DOCUMENTOS 
EMPRESA/08_TECNOLOGIA_SISTEMAS/express-connect-hub/src/services/documentAnalysis.ts, C:/Users/DIEGO 
BALBINO/Desktop/Pasta Compartilhada/DOCUMENTOS 
EMPRESA/08_TECNOLOGIA_SISTEMAS/express-connect-hub/src/services/documentosPrestadorService.ts, C:/Users/DIEGO 
BALBINO/Desktop/Pasta Compartilhada/DOCUMENTOS 
EMPRESA/08_TECNOLOGIA_SISTEMAS/express-connect-hub/src/services/financeiro/composicaoFinanceiraService.ts, 
C:/Users/DIEGO BALBINO/Desktop/Pasta Compartilhada/DOCUMENTOS 
EMPRESA/08_TECNOLOGIA_SISTEMAS/express-connect-hub/src/services/iaAutomacaoService.ts, C:/Users/DIEGO 
BALBINO/Desktop/Pasta Compartilhada/DOCUMENTOS 
EMPRESA/08_TECNOLOGIA_SISTEMAS/express-connect-hub/src/services/integracoes/recrutamentoWhatsappIAService.ts, 
C:/Users/DIEGO BALBINO/Desktop/Pasta Compartilhada/DOCUMENTOS 
EMPRESA/08_TECNOLOGIA_SISTEMAS/express-connect-hub/src/services/recrutamentoIntegracao.ts, dynamic import will not 
move module into another chunk.
[39m
computing gzip size...
[2mdist/[22m[32mindex.html                          [39m[1m[2m    1.10 kB[22m[1m[22m[2m Ôöé gzip:     0.53 kB[22m
[2mdist/[22m[35massets/index-BFSoImCe.css           [39m[1m[2m  195.87 kB[22m[1m[22m[2m Ôöé gzip:    29.12 kB[22m
[2mdist/[22m[36massets/purify.es-Dqc4LzU4.js        [39m[1m[2m   22.88 kB[22m[1m[22m[2m Ôöé gzip:     8.84 kB[22m
[2mdist/[22m[36massets/index.es-L_5koujp.js         [39m[1m[2m  150.80 kB[22m[1m[22m[2m Ôöé gzip:    51.62 kB[22m
[2mdist/[22m[36massets/html2canvas.esm-CBrSDip1.js  [39m[1m[2m  201.42 kB[22m[1m[22m[2m Ôöé gzip:    48.03 kB[22m
[2mdist/[22m[36massets/mapbox-gl-CUHiagjw.js        [39m[1m[33m1,703.07 kB[39m[22m[2m Ôöé gzip:   469.84 kB[22m
[2mdist/[22m[36massets/index-C_DwMIEQ.js            [39m[1m[33m3,831.19 kB[39m[22m[2m Ôöé gzip: 1,062.72 kB[22m
[33m
(!) Some chunks are larger than 500 kB after minification. Consider:
- Using dynamic import() to code-split the application
- Use build.rollupOptions.output.manualChunks to improve chunking: 
https://rollupjs.org/configuration-options/#output-manualchunks
- Adjust chunk size limit for this warning via build.chunkSizeWarningLimit.[39m
[32mÔ£ô built in 3m 20s[39m
